// Jest Snapshot v1, https://goo.gl/fbAQLP

exports[`BlogPostList component should render 1`] = `
.emotion-4 {
  margin: 8px 0;
}

.emotion-3 {
  background-color: var(--primary-bg-color);
  color: var(--links-color);
  display: inline-block;
  -webkit-text-decoration: none;
  text-decoration: none;
  width: 100%;
  border: 3px solid var(--secondary-bg-color);
  border-radius: 8px;
  padding: 16px;
  margin: 4px 0;
  -webkit-transition: color,background-color 0.5s ease;
  transition: color,background-color 0.5s ease;
  outline: none;
}

.emotion-3 h2 {
  display: inline;
}

.emotion-3:focus,
.emotion-3:hover {
  border-color: var(--links-focus-color);
  -webkit-transition: border-color 0.2s linear;
  transition: border-color 0.2s linear;
}

.emotion-0 {
  margin: 16px 0;
  color: var(--default-color);
  -webkit-transition: color,background-color 0.5s ease;
  transition: color,background-color 0.5s ease;
}

.emotion-1 {
  background-color: gray;
  color: white;
  display: inline-block;
  box-shadow: 0px 4px 4px rgba(0,0,0,0.25),0px 0px 4px rgba(0,0,0,0.25);
  border-radius: 4px;
  padding: 8px 12px;
  margin: 3px 6px 3px 0px;
  font-weight: bold;
  -webkit-text-decoration: none;
  text-decoration: none;
}

<div>
  <div
    class="emotion-4"
  >
    <a
      class="emotion-3"
      href="/hello-world"
    >
      <h2>
        Hello World!
      </h2>
      <p
        class="emotion-0"
      >
        Published on 
        11/13/2000
         - 
         min read
      </p>
      <div>
        <div
          class="emotion-1"
        >
          test
        </div>
        <div
          class="emotion-1"
        >
          test2
        </div>
      </div>
    </a>
  </div>
</div>
`;
